Copyright 1986-2016 Xilinx, Inc. All Rights Reserved.
---------------------------------------------------------------------------------------------------------------------------------------
| Tool Version : Vivado v.2016.4 (lin64) Build 1756540 Mon Jan 23 19:11:19 MST 2017
| Date         : Mon Dec  4 21:08:06 2017
| Host         : ispc2016 running 64-bit Ubuntu 14.04.5 LTS
| Command      : report_methodology -file design_1_wrapper_methodology_drc_routed.rpt -rpx design_1_wrapper_methodology_drc_routed.rpx
| Design       : design_1_wrapper
| Device       : xcku040-ffva1156-2-e
| Speed File   : -2
| Design State : Routed
---------------------------------------------------------------------------------------------------------------------------------------

Report Methodology

Table of Contents
-----------------
1. REPORT SUMMARY
2. REPORT DETAILS

1. REPORT SUMMARY
-----------------
            Netlist: netlist
          Floorplan: design_1
      Design limits: <entire design considered>
             Max violations: <unlimited>
             Violations found: 6
+-----------+----------+-------------------------------------------------+------------+
| Rule      | Severity | Description                                     | Violations |
+-----------+----------+-------------------------------------------------+------------+
| PDRC-190  | Warning  | Suboptimally placed synchronized register chain | 1          |
| TIMING-18 | Warning  | Missing input or output delay                   | 2          |
| XDCB-1    | Warning  | Runtime intensive exceptions                    | 3          |
+-----------+----------+-------------------------------------------------+------------+

2. REPORT DETAILS
-----------------
PDRC-190#1 Warning
Suboptimally placed synchronized register chain  
The FDRE cell dbg_hub/inst/CORE_XSDB.UUT_MASTER/U_ICON_INTERFACE/U_CMD5/shift_reg_in_reg[2] in site SLICE_X49Y171 is part of a synchronized register chain that is suboptimally placed as the load FDRE cell dbg_hub/inst/CORE_XSDB.UUT_MASTER/U_ICON_INTERFACE/U_CMD5/shift_reg_in_reg[1] is not placed in the same (SLICE) site.
Related violations: <none>

TIMING-18#1 Warning
Missing input or output delay  
An input delay is missing on rs232_uart_rxd relative to clock(s) VIRTUAL_clk_out1_design_1_clk_wiz_0_0 
Related violations: <none>

TIMING-18#2 Warning
Missing input or output delay  
An output delay is missing on rs232_uart_txd relative to clock(s) VIRTUAL_clk_out1_design_1_clk_wiz_0_0 
Related violations: <none>

XDCB-1#1 Warning
Runtime intensive exceptions  
The following constraint contains more than 1000 objects. To preserve runtime and memory performance, it is recommended to include minimum number of objects. Check whether this list can be simplified.
-from = expands to 3296 design objects. 
set_false_path -from [get_pins -hierarchical -filter {NAME =~ *allx_typeA_match_detection.ltlib_v1_0_0_allx_typeA_inst/DUT/I_WHOLE_SLICE.G_SLICE_IDX[*...
/home/yamaguchi/CPU-Adelie/koara/koara.runs/impl_1/.Xil/Vivado-16069-ispc2016/u_ila_0_CV.0/out/ila.xdc (Line: 35)
Related violations: <none>

XDCB-1#2 Warning
Runtime intensive exceptions  
The following constraint contains more than 1000 objects. To preserve runtime and memory performance, it is recommended to include minimum number of objects. Check whether this list can be simplified.
-to = expands to 2599 design objects. 
set_false_path -from [get_cells -hierarchical -filter { NAME =~  "*ila_core_inst/u_ila_regs/reg_15/I_EN_CTL_EQ1.U_CTL/xsdb_reg_reg*" && IS_SEQUENTIAL ...
/home/yamaguchi/CPU-Adelie/koara/koara.runs/impl_1/.Xil/Vivado-16069-ispc2016/u_ila_0_CV.0/out/ila.xdc (Line: 28)
Related violations: <none>

XDCB-1#3 Warning
Runtime intensive exceptions  
The following constraint contains more than 1000 objects. To preserve runtime and memory performance, it is recommended to include minimum number of objects. Check whether this list can be simplified.
-to = expands to 2599 design objects. 
set_false_path -from [get_cells -hierarchical -filter { NAME =~ "*ila_core_inst/u_ila_regs/reg_stream_ffd/I_EN_CTL_EQ1.U_CTL/xsdb_reg_reg*" && IS_SEQU...
/home/yamaguchi/CPU-Adelie/koara/koara.runs/impl_1/.Xil/Vivado-16069-ispc2016/u_ila_0_CV.0/out/ila.xdc (Line: 27)
Related violations: <none>


